// Jest Snapshot v1, https://goo.gl/fbAQLP

exports[`should render Place correctly 1`] = `
ShallowWrapper {
  "length": 1,
  Symbol(enzyme.__root__): [Circular],
  Symbol(enzyme.__unrendered__): <Place
    completePlace={[Function]}
    id="1234"
    removePlace={[Function]}
/>,
  Symbol(enzyme.__renderer__): Object {
    "batchedUpdates": [Function],
    "getNode": [Function],
    "render": [Function],
    "simulateEvent": [Function],
    "unmount": [Function],
  },
  Symbol(enzyme.__node__): Object {
    "instance": null,
    "key": undefined,
    "nodeType": "host",
    "props": Object {
      "children": Array [
        <div
          className="placeCheck"
>
          <p>
                    , 
          </p>
          <button
                    className="completeButton"
                    onClick={[Function]}
          >
                    Been there!
          </button>
</div>,
        <button
          className="removeButton"
          id="1234"
          onClick={[Function]}
>
          X
</button>,
      ],
      "className": "place",
    },
    "ref": null,
    "rendered": Array [
      Object {
        "instance": null,
        "key": undefined,
        "nodeType": "host",
        "props": Object {
          "children": Array [
            <p>
              , 
</p>,
            <button
              className="completeButton"
              onClick={[Function]}
>
              Been there!
</button>,
          ],
          "className": "placeCheck",
        },
        "ref": null,
        "rendered": Array [
          Object {
            "instance": null,
            "key": undefined,
            "nodeType": "host",
            "props": Object {
              "children": Array [
                undefined,
                ", ",
                undefined,
              ],
            },
            "ref": null,
            "rendered": Array [
              undefined,
              ", ",
              undefined,
            ],
            "type": "p",
          },
          Object {
            "instance": null,
            "key": undefined,
            "nodeType": "host",
            "props": Object {
              "children": "Been there!",
              "className": "completeButton",
              "onClick": [Function],
            },
            "ref": null,
            "rendered": "Been there!",
            "type": "button",
          },
        ],
        "type": "div",
      },
      Object {
        "instance": null,
        "key": undefined,
        "nodeType": "host",
        "props": Object {
          "children": "X",
          "className": "removeButton",
          "id": "1234",
          "onClick": [Function],
        },
        "ref": null,
        "rendered": "X",
        "type": "button",
      },
    ],
    "type": "div",
  },
  Symbol(enzyme.__nodes__): Array [
    Object {
      "instance": null,
      "key": undefined,
      "nodeType": "host",
      "props": Object {
        "children": Array [
          <div
            className="placeCheck"
>
            <p>
                        , 
            </p>
            <button
                        className="completeButton"
                        onClick={[Function]}
            >
                        Been there!
            </button>
</div>,
          <button
            className="removeButton"
            id="1234"
            onClick={[Function]}
>
            X
</button>,
        ],
        "className": "place",
      },
      "ref": null,
      "rendered": Array [
        Object {
          "instance": null,
          "key": undefined,
          "nodeType": "host",
          "props": Object {
            "children": Array [
              <p>
                , 
</p>,
              <button
                className="completeButton"
                onClick={[Function]}
>
                Been there!
</button>,
            ],
            "className": "placeCheck",
          },
          "ref": null,
          "rendered": Array [
            Object {
              "instance": null,
              "key": undefined,
              "nodeType": "host",
              "props": Object {
                "children": Array [
                  undefined,
                  ", ",
                  undefined,
                ],
              },
              "ref": null,
              "rendered": Array [
                undefined,
                ", ",
                undefined,
              ],
              "type": "p",
            },
            Object {
              "instance": null,
              "key": undefined,
              "nodeType": "host",
              "props": Object {
                "children": "Been there!",
                "className": "completeButton",
                "onClick": [Function],
              },
              "ref": null,
              "rendered": "Been there!",
              "type": "button",
            },
          ],
          "type": "div",
        },
        Object {
          "instance": null,
          "key": undefined,
          "nodeType": "host",
          "props": Object {
            "children": "X",
            "className": "removeButton",
            "id": "1234",
            "onClick": [Function],
          },
          "ref": null,
          "rendered": "X",
          "type": "button",
        },
      ],
      "type": "div",
    },
  ],
  Symbol(enzyme.__options__): Object {
    "adapter": ReactSixteenAdapter {
      "options": Object {
        "enableComponentDidUpdateOnSetState": true,
      },
    },
  },
}
`;
